<?php declare(strict_types=1);
namespace Vendor\Default\Presentation\Button;

/*
 * This file is part of the Vendor.Default package
 */

use PackageFactory\AtomicFusion\PresentationObjects\Framework\Type\Enum;

/**
 * @method static self link()
 * @method static self button()
 * @method static self submit()
 *
 * @Flow\Proxy(false)
 */
final class ButtonType extends Enum
{
}
