Neos:
  Fusion:
    defaultContext:
      Vendor.Default.Essentials: Vendor\Default\Application\Eel\EssentialsHelper
