prototype(Vendor.Default:Component.Block.Card) < prototype(PackageFactory.AtomicFusion.PresentationObjects:PresentationObjectComponent) {
    @presentationObjectInterface = 'Vendor\\Default\\Presentation\\Block\\Card\\CardInterface'

    @styleguide {
        title = 'Card'

        props {
            image {
                src = 'Lorem ipsum...'
                alt = 'Lorem ipsum...'
                title = 'Lorem ipsum...'
            }
            text {
                content = 'Lorem ipsum...'
            }
            link {
                href = 'Lorem ipsum...'
            }
        }
    }

    renderer = afx`
        <figure>
            <figcaption>
                Card (Vendor.Default:Component.Block.Card)
            </figcaption>
            <dl>
                <dt>image:</dt>
                <dd>
                    <Vendor.Default:Component.Element.Image
                        presentationObject={presentationObject.image}
                        />
                </dd>
                <dt>text:</dt>
                <dd>
                    <Vendor.Default:Component.Element.Text
                        presentationObject={presentationObject.text}
                        />
                </dd>
                <dt>link:</dt>
                <dd>
                    <Vendor.Default:Component.Element.Link
                        presentationObject={presentationObject.link}
                        />
                </dd>
            </dl>
        </figure>
    `
}
