<?php declare(strict_types=1);
namespace Vendor\Default\Presentation\Block\Card;

/*
 * This file is part of the Vendor.Default package
 */

use PackageFactory\AtomicFusion\PresentationObjects\Fusion\ComponentPresentationObjectInterface;
use Vendor\Default\Presentation\Element\Image;
use Vendor\Default\Presentation\Element\Text;
use Vendor\Default\Presentation\Element\Link;

interface CardInterface extends ComponentPresentationObjectInterface
{
    /**
     * @return null|Image
     */
    public function getImage(): ?Image;

    /**
     * @return Text
     */
    public function getText(): Text;

    /**
     * @return Link
     */
    public function getLink(): Link;
}
