prototype(Vendor.Default:Component.Image) < prototype(PackageFactory.AtomicFusion.PresentationObjects:PresentationObjectComponent) {
    @presentationObjectInterface = 'Vendor\\Default\\Presentation\\Image\\ImageInterface'

    @styleguide {
        title = 'Image'

        props {
            src = Sitegeist.Kaleidoscope:DummyImageSource {
                width = 300
                height = 200
            }
            alt = 'Lorem ipsum...'
            title = 'Lorem ipsum...'
        }
    }

    renderer = afx`
        <figure>
            <figcaption>
                Image (Vendor.Default:Component.Image)
            </figcaption>
            <dl>
                <dt>src:</dt>
                <dd>
                    <Sitegeist.Kaleidoscope:Image
                        imageSource={presentationObject.src}
                        srcset="@TODO: srcset"
                        sizes="@TODO: sizes"
                        />
                </dd>
                <dt>alt:</dt>
                <dd>
                    {presentationObject.alt}
                </dd>
                <dt>title:</dt>
                <dd>
                    {presentationObject.title}
                </dd>
            </dl>
        </figure>
    `
}
