<?php declare(strict_types=1);
namespace Vendor\Default\Presentation\Image;

/*
 * This file is part of the Vendor.Default package
 */

use Neos\Flow\Annotations as Flow;
use PackageFactory\AtomicFusion\PresentationObjects\Fusion\AbstractComponentPresentationObject;
use Sitegeist\Kaleidoscope\EelHelpers\ImageSourceHelperInterface;

/**
 * @Flow\Proxy(false)
 */
final class Image extends AbstractComponentPresentationObject implements ImageInterface
{
    /**
     * @var ImageSourceHelperInterface
     */
    private $src;

    /**
     * @var string
     */
    private $alt;

    /**
     * @var null|string
     */
    private $title;

    /**
     * @param ImageSourceHelperInterface $src
     * @param string $alt
     * @param null|string $title
     */
    public function __construct(
        ImageSourceHelperInterface $src,
        string $alt,
        ?string $title
    ) {
        $this->src = $src;
        $this->alt = $alt;
        $this->title = $title;
    }

    /**
     * @return ImageSourceHelperInterface
     */
    public function getSrc(): ImageSourceHelperInterface
    {
        return $this->src;
    }

    /**
     * @return string
     */
    public function getAlt(): string
    {
        return $this->alt;
    }

    /**
     * @return null|string
     */
    public function getTitle(): ?string
    {
        return $this->title;
    }
}
