<?php declare(strict_types=1);
namespace Vendor\Default\Presentation\Button;

/*
 * This file is part of the Vendor.Default package
 */

use Neos\Flow\Annotations as Flow;
use PackageFactory\AtomicFusion\PresentationObjects\Fusion\AbstractComponentPresentationObjectFactory;

/**
 * @Flow\Scope("singleton")
 */
final class ButtonFactory extends AbstractComponentPresentationObjectFactory
{
}
